// Jest Snapshot v1, https://goo.gl/fbAQLP

exports[`tests app renders correctly 1`] = `
<DocumentFragment>
  <div
    class="App"
  >
    <img
      alt="nasa logo"
      class="nasa"
      src="https://cdn.cnn.com/cnnnext/dam/assets/200424060716-nasa-worm-logo.jpg"
    />
    <div
      class="search"
    >
      <form
        class="form"
      >
        <input
          class="searchBox"
          type="text"
        />
        <button
          class="button"
          type="submit"
        >
          SEARCH
        </button>
      </form>
    </div>
    <p>
      Search Results
    </p>
    <img
      alt="moon"
      class="card-image"
      src="https://images.unsplash.com/photo-1522030299830-16b8d3d049fe?ixlib=rb-1.2.1&ixid=eyJhcHBfaWQiOjEyMDd9&w=1000&q=80"
    />
  </div>
</DocumentFragment>
`;
